To honour the JVM settings for this build a single-use Daemon process will be forked. For more on this, please refer to https://docs.gradle.org/8.7/userguide/gradle_daemon.html#sec:disabling_the_daemon in the Gradle documentation.
Daemon will be stopped at the end of the build 

FAILURE: Build failed with an exception.

* What went wrong:
Timeout waiting to lock Generated Gradle JARs cache (C:\Users\phant\.gradle\caches\8.7\generated-gradle-jars). It is currently in use by another Gradle instance.
Owner PID: 24136
Our PID: 16920
Owner Operation: 
Our operation: 
Lock file: C:\Users\phant\.gradle\caches\8.7\generated-gradle-jars\generated-gradle-jars.lock

* Try:
> Run with --stacktrace option to get the stack trace.
> Run with --info or --debug option to get more log output.
> Run with --scan to get full insights.
> Get more help at https://help.gradle.org.

BUILD FAILED in 1m 3s
